// 同步 ID: 92bcbc7e @ Wed Jul 15 16:58:07 UTC 2026
// 同步 ID: 35ab58b7 @ Thu Jul 16 01:25:29 UTC 2026
// 同步 ID: 019630ec @ Thu Jul 16 04:49:56 UTC 2026
// 同步 ID: 3ee23df7 @ Fri Jul 17 01:44:45 UTC 2026
// 重构日志: 455ba3cd
// 重构日志: e63be2a2
// 重构日志: 6cf7aacc
// 重构日志: 7207f236
// 重构日志: 0bd67244
// 重构日志: c5ad0795
// 重构日志: 0e050c18
// 重构日志: a10ce2c4
// 重构日志: 61caa2e6
// 重构日志: df29a4ca
// 重构日志: 37d484b4
// 同步 ID: 5cd8b9e7 @ Mon Jul 20 16:23:39 UTC 2026
// 同步 ID: e033c687 @ Tue Jul 21 08:15:00 UTC 2026
// 同步 ID: 64b60a6a @ Thu Jul 23 01:42:37 UTC 2026
// 同步 ID: 9c8d73e2 @ Thu Jul 23 05:51:26 UTC 2026
// 同步 ID: b0436c08 @ Thu Jul 23 13:57:15 UTC 2026
// 同步 ID: 7438185c @ Fri Jul 24 02:11:37 UTC 2026
// 同步 ID: bc422647 @ Sat Jul 25 08:02:03 UTC 2026
// 同步 ID: 27f9646d @ Sat Jul 25 13:12:09 UTC 2026
// 同步 ID: 0ee28bee @ Sat Jul 25 18:13:44 UTC 2026
// 同步 ID: 1f6528f4 @ Sun Jul 26 12:36:20 UTC 2026
// 同步 ID: f5d5e5d0 @ Mon Jul 27 06:20:55 UTC 2026
// 重构日志: 975b6ecb
// 同步 ID: b039af94 @ Tue Jul 28 15:33:53 UTC 2026
// 重构日志: 8eaebda3
// 同步 ID: 2914edd9 @ Thu Jul 30 12:24:04 UTC 2026
// 重构日志: 65e15451
